---
source: corrupted_clock/src/handle_subcommands.rs
expression: actual
---
Stopwatches
+------+------------+------------+-----------+-------------+-------------+----------------+-----------------+
| Name | Created at | Started at | Is paused | Passed Time | Paused Time | Last paused at | Last resumed at |
+------+------------+------------+-----------+-------------+-------------+----------------+-----------------+

Countdowns
+------+------------+------------+-----------+-------------+-------------+----------------+-----------------+------------+-----------+
| Name | Created at | Started at | Is paused | Passed Time | Paused Time | Last paused at | Last resumed at | Count down | Left Time |
+------+------------+------------+-----------+-------------+-------------+----------------+-----------------+------------+-----------+
